../Core/Src/main.c:116:9:get_indicator_x	24	static
../Core/Src/main.c:127:7:parabolic_interpolate	32	static
../Core/Src/main.c:146:5:main	216	static
../Core/Src/main.c:375:6:SystemClock_Config	88	static
../Core/Src/main.c:421:13:MX_ADC1_Init	24	static
../Core/Src/main.c:473:13:MX_SPI1_Init	8	static
../Core/Src/main.c:511:13:MX_TIM2_Init	32	static
../Core/Src/main.c:556:13:MX_USART2_UART_Init	8	static
../Core/Src/main.c:587:13:MX_DMA_Init	16	static
../Core/Src/main.c:608:13:MX_GPIO_Init	48	static
../Core/Src/main.c:663:6:HAL_ADC_ConvHalfCpltCallback	16	static
../Core/Src/main.c:668:6:HAL_ADC_ConvCpltCallback	16	static
../Core/Src/main.c:679:6:Error_Handler	4	static,ignoring_inline_asm
